// Jest Snapshot v1, https://goo.gl/fbAQLP

exports[`App Component shows intial information when firt loaded 1`] = `
<div
  className="vh-100 bg-primary"
>
  <div
    className="fl w-100 vh-25"
  >
    <p
      className="tc f2 secondary"
    >
      Wheel Of Fate
    </p>
  </div>
  <div
    className="fl w-100 vh-50 secondary"
  >
    <button
      onClick={[Function]}
    >
      Wheel of Fortune
    </button>
    <div
      className="fl w-50 vh-50"
    />
    <div
      className="fl w-50 vh-50"
    />
  </div>
  <div
    className="fl w-100 vh-25"
  >
    <div
      className="flex justify-around flex-wrap h-100 b"
    >
      <div
        className="flex flex-grow-1 ba b--blue items-center justify-center"
      >
        Sohil
      </div>
      <div
        className="flex flex-grow-1 ba b--blue items-center justify-center"
      >
        Alex
      </div>
      <div
        className="flex flex-grow-1 ba b--blue items-center justify-center"
      >
        Andrew
      </div>
      <div
        className="flex flex-grow-1 ba b--blue items-center justify-center"
      >
        Joe
      </div>
      <div
        className="flex flex-grow-1 ba b--blue items-center justify-center"
      >
        Rory
      </div>
      <div
        className="flex flex-grow-1 ba b--blue items-center justify-center"
      >
        Mavis
      </div>
      <div
        className="flex flex-grow-1 ba b--blue items-center justify-center"
      >
        June
      </div>
      <div
        className="flex flex-grow-1 ba b--blue items-center justify-center"
      >
        Dan
      </div>
      <div
        className="flex flex-grow-1 ba b--blue items-center justify-center"
      >
        Rose
      </div>
      <div
        className="flex flex-grow-1 ba b--blue items-center justify-center"
      >
        Cleo
      </div>
    </div>
  </div>
</div>
`;
